Microchip MPLAB XC8 Compiler V2.10 ()

Linker command line:

-W-3 --edf=/opt/microchip/xc8/v2.10/pic/dat/en_msgs.txt -cs \
  -h+dist/default/production/cafeteira.X.production.sym \
  --cmf=dist/default/production/cafeteira.X.production.cmf -z -Q18F4520 \
  -o/tmp/xcXZqsfIN --defsym=__MPLAB_BUILD=1 \
  -Mdist/default/production/cafeteira.X.production.map -E1 -ver=XC8 \
  --acfsm=1493 -ASTACK=080h-05FFh -pstack=STACK -ACODE=00h-07FFFh \
  -ACONST=00h-07FFFh -ASMALLCONST=0600h-06FFhx122 \
  -AMEDIUMCONST=0600h-07FFFh -ACOMRAM=01h-07Fh -AABS1=00h-05FFh \
  -ABIGRAM=01h-05FFh -ARAM=080h-0FFh,0100h-01FFhx5 -ABANK0=080h-0FFh \
  -ABANK1=0100h-01FFh -ABANK2=0200h-02FFh -ABANK3=0300h-03FFh \
  -ABANK4=0400h-04FFh -ABANK5=0500h-05FFh -ASFR=0F80h-0FFFh \
  -preset_vec=00h,intcode=08h,intcodelo,powerup,init -pramtop=0600h \
  -psmallconst=SMALLCONST -pmediumconst=MEDIUMCONST -pconst=CONST \
  -AFARRAM=00h-00h -ACONFIG=0300000h-030000Dh -pconfig=CONFIG \
  -AIDLOC=0200000h-0200007h -pidloc=IDLOC -AEEDATA=0F00000h-0F000FFh \
  -peeprom_data=EEDATA \
  -prdata=COMRAM,nvrram=COMRAM,nvbit=COMRAM,rbss=COMRAM,rbit=COMRAM \
  -pfarbss=FARRAM,fardata=FARRAM,nvFARRAM=FARRAM \
  -pintsave_regs=BIGRAM,bigbss=BIGRAM,bigdata=BIGRAM -pbss=RAM \
  -pidata=CODE,irdata=CODE,ibigdata=CODE,ifardata=CODE -prparam=COMRAM \
  /tmp/xcX5VDibz.o dist/default/production/cafeteira.X.production.o 

Object code version is 3.11

Machine type is 18F4520

Call graph: (short form)




                Name                               Link     Load   Length Selector   Space Scale
/tmp/xcX5VDibz.o
                init                                  E        E        4        4       0
                reset_vec                             0        0        4        0       0
                idloc                            200000   200000        8   200000       0
                config                           300000   300000        E   300000       0
dist/default/production/cafeteira.X.production.o
                intcode                               8        8        6        4       0
                temp                                 26       26        1        1       1
                smallconst                          600      600       98      300       0
                text23                             135E     135E       80      34C       0
                text22                             163E     163E       14      34C       0
                text21                             15FC     15FC       18      34C       0
                text20                             1660     1660        E      34C       0
                text19                             15AC     15AC       38      34C       0
                text18                             1242     1242       9C      34C       0
                text17                              F22      F22      1AE      34C       0
                text16                              D74      D74      1AE      34C       0
                text15                              858      858      1C0      34C       0
                text14                             149E     149E       52      34C       0
                intcode_body                       1532     1532       42      34C       0
                text12                             12DE     12DE       80      34C       0
                text11                             162A     162A       14      34C       0
                text10                             15E4     15E4       18      34C       0
                text9                              1652     1652        E      34C       0
                text8                              1574     1574       38      34C       0
                text7                              11A6     11A6       9C      34C       0
                text6                               BC6      BC6      1AE      34C       0
                text5                               A18      A18      1AE      34C       0
                text4                               698      698      1C0      34C       0
                text3                              10D0     10D0       D6      34C       0
                text2                              14F0     14F0       42      34C       0
                text1                              13DE     13DE       62      34C       0
                text0                              1440     1440       5E      34C       0
                cstackCOMRAM                          1        1       21        1       1
                bssCOMRAM                            22       22        4        1       1
                cinit                              1614     1614       16      34C       0

TOTAL           Name                               Link     Load   Length     Space
        CLASS   STACK          

        CLASS   CODE           
                intcode                               8        8        6         0
                init                                  E        E        4         0
                reset_vec                             0        0        4         0
                text23                             135E     135E       80         0
                text22                             163E     163E       14         0
                text21                             15FC     15FC       18         0
                text20                             1660     1660        E         0
                text19                             15AC     15AC       38         0
                text18                             1242     1242       9C         0
                text17                              F22      F22      1AE         0
                text16                              D74      D74      1AE         0
                text15                              858      858      1C0         0
                text14                             149E     149E       52         0
                intcode_body                       1532     1532       42         0
                text12                             12DE     12DE       80         0
                text11                             162A     162A       14         0
                text10                             15E4     15E4       18         0
                text9                              1652     1652        E         0
                text8                              1574     1574       38         0
                text7                              11A6     11A6       9C         0
                text6                               BC6      BC6      1AE         0
                text5                               A18      A18      1AE         0
                text4                               698      698      1C0         0
                text3                              10D0     10D0       D6         0
                text2                              14F0     14F0       42         0
                text1                              13DE     13DE       62         0
                text0                              1440     1440       5E         0
                cinit                              1614     1614       16         0

        CLASS   CONST          

        CLASS   SMALLCONST     
                smallconst                          600      600       98         0

        CLASS   MEDIUMCONST    

        CLASS   COMRAM         
                temp                                 26       26        1         1
                cstackCOMRAM                          1        1       21         1
                bssCOMRAM                            22       22        4         1

        CLASS   ABS1           

        CLASS   BIGRAM         

        CLASS   RAM            

        CLASS   BANK0          

        CLASS   BANK1          

        CLASS   BANK2          

        CLASS   BANK3          

        CLASS   BANK4          

        CLASS   BANK5          

        CLASS   SFR            

        CLASS   FARRAM         

        CLASS   CONFIG         
                config                           300000   300000        E         0

        CLASS   IDLOC          
                idloc                            200000   200000        8         0

        CLASS   EEDATA         



SEGMENTS        Name                           Load    Length   Top    Selector   Space  Class

                reset_vec                      000000  000004  000004         0       0  CODE    
                cstackCOMRAM                   000001  000026  000027         1       1  COMRAM  
                intcode                        000008  00000A  000012         4       0  CODE    
                smallconst                     000600  000098  000698       300       0  SMALLCON
                text4                          000698  000FD6  00166E       34C       0  CODE    
                idloc                          200000  000008  200008    200000       0  IDLOC   
                config                         300000  00000E  30000E    300000       0  CONFIG  


UNUSED ADDRESS RANGES

        Name                Unused          Largest block    Delta
        BANK0            000080-0000FF               80
        BANK1            000100-0001FF              100
        BANK2            000200-0002FF              100
        BANK3            000300-0003FF              100
        BANK4            000400-0004FF              100
        BANK5            000500-0005FF              100
        BIGRAM           000027-0005FF              5D9
        CODE             000004-000007                4
                         000012-0005FF              5EE
                         00166E-007FFF             6992
        COMRAM           000027-00007F               59
        CONST            000004-000007                4
                         000012-0005FF              5EE
                         00166E-007FFF             6992
        EEDATA           F00000-F000FF              100
        MEDIUMCONST      00166E-007FFF             6992
        RAM              000080-0005FF              100
        SFR              000F80-000FFF               80
        SMALLCONST       00166E-007FFF              100
        STACK            000080-0005FF              580

                                  Symbol Table

_ADCON0                   (abs)        000FC2
_ADCON1                   (abs)        000FC1
_ADCON2                   (abs)        000FC0
_BAUDCON                  (abs)        000FB8
_EXEC                     bssCOMRAM    000024
_INTCON                   (abs)        000FF2
_IPEN                     (abs)        007E87
_LATA5                    (abs)        007C4D
_LE0                      (abs)        007C68
_LE1                      (abs)        007C69
_OSCCON                   (abs)        000FD3
_PORTB                    (abs)        000F81
_PORTBbits                (abs)        000F81
_PORTCbits                (abs)        000F82
_PORTD                    (abs)        000F83
_PORTE                    (abs)        000F84
_RCIE                     (abs)        007CED
_RCIF                     (abs)        007CF5
_RCIP                     (abs)        007CFD
_RCREG                    (abs)        000FAE
_RCSTA                    (abs)        000FAB
_SPBRG                    (abs)        000FAF
_T0CON                    (abs)        000FD5
_TRISA                    (abs)        000F92
_TRISB                    (abs)        000F93
_TRISC                    (abs)        000F94
_TRISD                    (abs)        000F95
_TRISE                    (abs)        000F96
_TXIF                     (abs)        007CF4
_TXREG                    (abs)        000FAD
_TXSTA                    (abs)        000FAC
__CFG_BOREN$SBORDIS       (abs)        000000
__CFG_BORV$3              (abs)        000000
__CFG_CCP2MX$PORTC        (abs)        000000
__CFG_CP0$OFF             (abs)        000000
__CFG_CP1$OFF             (abs)        000000
__CFG_CP2$OFF             (abs)        000000
__CFG_CP3$OFF             (abs)        000000
__CFG_CPB$OFF             (abs)        000000
__CFG_CPD$OFF             (abs)        000000
__CFG_EBTR0$OFF           (abs)        000000
__CFG_EBTR1$OFF           (abs)        000000
__CFG_EBTR2$OFF           (abs)        000000
__CFG_EBTR3$OFF           (abs)        000000
__CFG_EBTRB$OFF           (abs)        000000
__CFG_FCMEN$OFF           (abs)        000000
__CFG_IESO$OFF            (abs)        000000
__CFG_LPT1OSC$OFF         (abs)        000000
__CFG_LVP$OFF             (abs)        000000
__CFG_MCLRE$ON            (abs)        000000
__CFG_OSC$INTIO67         (abs)        000000
__CFG_PBADEN$OFF          (abs)        000000
__CFG_PWRT$OFF            (abs)        000000
__CFG_STVREN$ON           (abs)        000000
__CFG_WDT$OFF             (abs)        000000
__CFG_WDTPS$32768         (abs)        000000
__CFG_WRT0$OFF            (abs)        000000
__CFG_WRT1$OFF            (abs)        000000
__CFG_WRT2$OFF            (abs)        000000
__CFG_WRT3$OFF            (abs)        000000
__CFG_WRTB$OFF            (abs)        000000
__CFG_WRTC$OFF            (abs)        000000
__CFG_WRTD$OFF            (abs)        000000
__CFG_XINST$OFF           (abs)        000000
__HRAM                    (abs)        000000
__Habs1                   abs1         000000
__Hbank0                  bank0        000000
__Hbank1                  bank1        000000
__Hbank2                  bank2        000000
__Hbank3                  bank3        000000
__Hbank4                  bank4        000000
__Hbank5                  bank5        000000
__Hbigbss                 bigbss       000000
__Hbigdata                bigdata      000000
__Hbigram                 bigram       000000
__Hbss                    bss          000000
__HbssCOMRAM              bssCOMRAM    000000
__Hcinit                  cinit        000000
__Hclrtext                clrtext      000000
__Hcomram                 comram       000000
__Hconfig                 config       30000E
__Hconst                  const        000000
__HcstackCOMRAM           cstackCOMRAM 000000
__Hdata                   data         000000
__Heeprom_data            eeprom_data  000000
__Hfarbss                 farbss       000000
__Hfardata                fardata      000000
__Hibigdata               ibigdata     000000
__Hidata                  idata        000000
__Hidloc                  idloc        200008
__Hifardata               ifardata     000000
__Hinit                   init         000012
__Hintcode                intcode      00000E
__Hintcode_body           intcode_body 000000
__Hintcodelo              intcodelo    00000E
__Hintentry               intentry     000000
__Hintret                 intret       000000
__Hintsave_regs           intsave_regs 000000
__Hirdata                 irdata       000000
__Hmediumconst            mediumconst  000000
__HnvFARRAM               nvFARRAM     000000
__Hnvbit                  nvbit        000000
__Hnvrram                 nvrram       000000
__Hparam                  rparam       000000
__Hpowerup                powerup      00000E
__Hram                    ram          000000
__Hramtop                 ramtop       000600
__Hrbit                   rbit         000000
__Hrbss                   rbss         000000
__Hrdata                  rdata        000000
__Hreset_vec              reset_vec    000004
__Hrparam                 rparam       000000
__Hsfr                    sfr          000000
__Hsmallconst             smallconst   000698
__Hspace_0                (abs)        30000E
__Hspace_1                (abs)        000027
__Hspace_2                (abs)        000000
__Hstack                  stack        000000
__Hstruct                 struct       000000
__Htemp                   temp         000027
__Htext                   text         000000
__Htext0                  text0        000000
__Htext1                  text1        000000
__Htext10                 text10       000000
__Htext11                 text11       000000
__Htext12                 text12       000000
__Htext14                 text14       000000
__Htext15                 text15       000000
__Htext16                 text16       000000
__Htext17                 text17       000000
__Htext18                 text18       000000
__Htext19                 text19       000000
__Htext2                  text2        000000
__Htext20                 text20       000000
__Htext21                 text21       000000
__Htext22                 text22       000000
__Htext23                 text23       000000
__Htext3                  text3        000000
__Htext4                  text4        000000
__Htext5                  text5        000000
__Htext6                  text6        000000
__Htext7                  text7        000000
__Htext8                  text8        000000
__Htext9                  text9        000000
__LRAM                    (abs)        000001
__Labs1                   abs1         000000
__Lbank0                  bank0        000000
__Lbank1                  bank1        000000
__Lbank2                  bank2        000000
__Lbank3                  bank3        000000
__Lbank4                  bank4        000000
__Lbank5                  bank5        000000
__Lbigbss                 bigbss       000000
__Lbigdata                bigdata      000000
__Lbigram                 bigram       000000
__Lbss                    bss          000000
__LbssCOMRAM              bssCOMRAM    000000
__Lcinit                  cinit        000000
__Lclrtext                clrtext      000000
__Lcomram                 comram       000000
__Lconfig                 config       300000
__Lconst                  const        000000
__LcstackCOMRAM           cstackCOMRAM 000000
__Ldata                   data         000000
__Leeprom_data            eeprom_data  000000
__Lfarbss                 farbss       000000
__Lfardata                fardata      000000
__Libigdata               ibigdata     000000
__Lidata                  idata        000000
__Lidloc                  idloc        200000
__Lifardata               ifardata     000000
__Linit                   init         00000E
__Lintcode                intcode      000008
__Lintcode_body           intcode_body 000000
__Lintcodelo              intcodelo    00000E
__Lintentry               intentry     000000
__Lintret                 intret       000000
__Lintsave_regs           intsave_regs 000000
__Lirdata                 irdata       000000
__Lmediumconst            mediumconst  000000
__LnvFARRAM               nvFARRAM     000000
__Lnvbit                  nvbit        000000
__Lnvrram                 nvrram       000000
__Lparam                  rparam       000000
__Lpowerup                powerup      00000E
__Lram                    ram          000000
__Lramtop                 ramtop       000600
__Lrbit                   rbit         000000
__Lrbss                   rbss         000000
__Lrdata                  rdata        000000
__Lreset_vec              reset_vec    000000
__Lrparam                 rparam       000000
__Lsfr                    sfr          000000
__Lsmallconst             smallconst   000600
__Lspace_0                (abs)        000000
__Lspace_1                (abs)        000000
__Lspace_2                (abs)        000000
__Lstack                  stack        000000
__Lstruct                 struct       000000
__Ltemp                   temp         000026
__Ltext                   text         000000
__Ltext0                  text0        000000
__Ltext1                  text1        000000
__Ltext10                 text10       000000
__Ltext11                 text11       000000
__Ltext12                 text12       000000
__Ltext14                 text14       000000
__Ltext15                 text15       000000
__Ltext16                 text16       000000
__Ltext17                 text17       000000
__Ltext18                 text18       000000
__Ltext19                 text19       000000
__Ltext2                  text2        000000
__Ltext20                 text20       000000
__Ltext21                 text21       000000
__Ltext22                 text22       000000
__Ltext23                 text23       000000
__Ltext3                  text3        000000
__Ltext4                  text4        000000
__Ltext5                  text5        000000
__Ltext6                  text6        000000
__Ltext7                  text7        000000
__Ltext8                  text8        000000
__Ltext9                  text9        000000
__S0                      (abs)        30000E
__S1                      (abs)        000027
__S2                      (abs)        000000
___inthi_sp               stack        000000
___intlo_sp               stack        000000
___param_bank             (abs)        000000
___rparam_used            (abs)        000001
___sp                     stack        000000
__accesstop               (abs)        000080
__activetblptr            (abs)        000002
__end_of__initialization  cinit        00161C
__end_of_botao            text3        0011A6
__end_of_cafe             text6        000D74
__end_of_cafe_expresso    text5        000BC6
__end_of_capuccino        text4        000858
__end_of_config           text2        001532
__end_of_envia            text12       00135E
__end_of_lcd_clear        text10       0015FC
__end_of_lcd_goto         text9        001660
__end_of_lcd_init         text1        001440
__end_of_lcd_puts         text8        0015AC
__end_of_lcd_write        text11       00163E
__end_of_main             text0        00149E
__end_of_nivel_agua       text7        001242
__end_of_tmr              intcode_body 001574
__end_of_trata            text14       0014F0
__end_ofi2_cafe           text17       0010D0
__end_ofi2_cafe_expresso  text16       000F22
__end_ofi2_capuccino      text15       000A18
__end_ofi2_envia          text23       0013DE
__end_ofi2_lcd_clear      text21       001614
__end_ofi2_lcd_goto       text20       00166E
__end_ofi2_lcd_puts       text19       0015E4
__end_ofi2_lcd_write      text22       001652
__end_ofi2_nivel_agua     text18       0012DE
__initialization          cinit        001614
__mediumconst             mediumconst  000000
__pbssCOMRAM              bssCOMRAM    000022
__pcinit                  cinit        001614
__pcstackCOMRAM           cstackCOMRAM 000001
__pintcode                intcode      000008
__pintcode_body           intcode_body 001532
__psmallconst             smallconst   000600
__ptext0                  text0        001440
__ptext1                  text1        0013DE
__ptext10                 text10       0015E4
__ptext11                 text11       00162A
__ptext12                 text12       0012DE
__ptext14                 text14       00149E
__ptext15                 text15       000858
__ptext16                 text16       000D74
__ptext17                 text17       000F22
__ptext18                 text18       001242
__ptext19                 text19       0015AC
__ptext2                  text2        0014F0
__ptext20                 text20       001660
__ptext21                 text21       0015FC
__ptext22                 text22       00163E
__ptext23                 text23       00135E
__ptext3                  text3        0010D0
__ptext4                  text4        000698
__ptext5                  text5        000A18
__ptext6                  text6        000BC6
__ptext7                  text7        0011A6
__ptext8                  text8        001574
__ptext9                  text9        001652
__ramtop                  ramtop       000600
__size_of_botao           (abs)        000000
__size_of_cafe            (abs)        000000
__size_of_cafe_expresso   (abs)        000000
__size_of_capuccino       (abs)        000000
__size_of_config          (abs)        000000
__size_of_envia           (abs)        000000
__size_of_lcd_clear       (abs)        000000
__size_of_lcd_goto        (abs)        000000
__size_of_lcd_init        (abs)        000000
__size_of_lcd_puts        (abs)        000000
__size_of_lcd_write       (abs)        000000
__size_of_main            (abs)        000000
__size_of_nivel_agua      (abs)        000000
__size_of_tmr             (abs)        000000
__size_of_trata           (abs)        000000
__size_ofi2_cafe          (abs)        000000
__size_ofi2_cafe_expresso (abs)        000000
__size_ofi2_capuccino     (abs)        000000
__size_ofi2_envia         (abs)        000000
__size_ofi2_lcd_clear     (abs)        000000
__size_ofi2_lcd_goto      (abs)        000000
__size_ofi2_lcd_puts      (abs)        000000
__size_ofi2_lcd_write     (abs)        000000
__size_ofi2_nivel_agua    (abs)        000000
__smallconst              smallconst   000600
_botao                    text3        0010D0
_cafe                     text6        000BC6
_cafe_expresso            text5        000A18
_capuccino                text4        000698
_config                   text2        0014F0
_envia                    text12       0012DE
_lcd_clear                text10       0015E4
_lcd_goto                 text9        001652
_lcd_init                 text1        0013DE
_lcd_puts                 text8        001574
_lcd_write                text11       00162A
_main                     text0        001440
_nivel_agua               text7        0011A6
_tem_agua                 bssCOMRAM    000022
_tmr                      intcode      000008
_trata                    text14       00149E
btemp                     temp         000026
cafe@i                    cstackCOMRAM 00001A
cafe@i_298                cstackCOMRAM 00001C
cafe@i_301                cstackCOMRAM 00001E
cafe_expresso@i           cstackCOMRAM 00001A
cafe_expresso@i_307       cstackCOMRAM 00001C
cafe_expresso@i_310       cstackCOMRAM 00001E
capuccino@i               cstackCOMRAM 00001A
capuccino@i_316           cstackCOMRAM 00001C
capuccino@i_319           cstackCOMRAM 00001E
end_of_initialization     cinit        00161C
envia@n                   cstackCOMRAM 000014
i2_cafe                   text17       000F22
i2_cafe_expresso          text16       000D74
i2_capuccino              text15       000858
i2_envia                  text23       00135E
i2_lcd_clear              text21       0015FC
i2_lcd_goto               text20       001660
i2_lcd_puts               text19       0015AC
i2_lcd_write              text22       00163E
i2_nivel_agua             text18       001242
i2cafe@i                  cstackCOMRAM 000007
i2cafe@i_298              cstackCOMRAM 000009
i2cafe@i_301              cstackCOMRAM 00000B
i2cafe_expresso@i         cstackCOMRAM 000007
i2cafe_expresso@i_307     cstackCOMRAM 000009
i2cafe_expresso@i_310     cstackCOMRAM 00000B
i2capuccino@i             cstackCOMRAM 000007
i2capuccino@i_316         cstackCOMRAM 000009
i2capuccino@i_319         cstackCOMRAM 00000B
i2envia@n                 cstackCOMRAM 000001
i2lcd_goto@pos            cstackCOMRAM 000002
i2lcd_puts@s              cstackCOMRAM 000002
i2lcd_write@c             cstackCOMRAM 000001
int$flags                 temp         000026
int_func                  intcode_body 001532
intlevel0                 text         000000
intlevel1                 text         000000
intlevel2                 text         000000
intlevel3                 text         000000
lcd_goto@pos              cstackCOMRAM 000015
lcd_puts@s                cstackCOMRAM 000015
lcd_write@c               cstackCOMRAM 000014
stackhi                   (abs)        0005FF
stacklo                   (abs)        000080
start                     init         00000E
start_initialization      cinit        001614
trata@RECEP               cstackCOMRAM 00000F
ttemp5                    temp         000027
ttemp6                    temp         00002A
ttemp7                    temp         00002E
wtemp8                    temp         000027


FUNCTION INFORMATION:

 *************** function _main *****************
 Defined at:
		line 24 in file "cafe_correto.c"
 Parameters:    Size  Location     Type
		None
 Auto vars:     Size  Location     Type
		None
 Return value:  Size  Location     Type
                  1    wreg      void 
 Registers used:
		wreg, status,2, status,0, tblptrl, tblptrh, tblptru, cstack
 Tracked objects:
		On entry : 
		On exit  : 
		Unchanged: 
 Data sizes:     COMRAM   BANK0   BANK1   BANK2   BANK3   BANK4   BANK5
      Params:         0       0       0       0       0       0       0
      Locals:         0       0       0       0       0       0       0
      Temps:          1       0       0       0       0       0       0
      Totals:         1       0       0       0       0       0       0
Total ram usage:        1 bytes
 Hardware stack levels required when called:   11
 This function calls:
		_botao
		_config
		_lcd_clear
		_lcd_goto
		_lcd_init
		_lcd_puts
		_nivel_agua
 This function is called by:
		Startup code after reset
 This function uses a non-reentrant model


 *************** function _lcd_init *****************
 Defined at:
		line 92 in file "lcd.c"
 Parameters:    Size  Location     Type
		None
 Auto vars:     Size  Location     Type
  init_value      1    0        unsigned char 
 Return value:  Size  Location     Type
                  1    wreg      void 
 Registers used:
		wreg, status,2, cstack
 Tracked objects:
		On entry : 
		On exit  : 
		Unchanged: 
 Data sizes:     COMRAM   BANK0   BANK1   BANK2   BANK3   BANK4   BANK5
      Params:         0       0       0       0       0       0       0
      Locals:         1       0       0       0       0       0       0
      Temps:          1       0       0       0       0       0       0
      Totals:         2       0       0       0       0       0       0
Total ram usage:        2 bytes
 Hardware stack levels used:    1
 Hardware stack levels required when called:    8
 This function calls:
		_lcd_clear
		_lcd_write
 This function is called by:
		_main
 This function uses a non-reentrant model


 *************** function _config *****************
 Defined at:
		line 72 in file "./configura.h"
 Parameters:    Size  Location     Type
		None
 Auto vars:     Size  Location     Type
		None
 Return value:  Size  Location     Type
                  1    wreg      void 
 Registers used:
		wreg, status,2
 Tracked objects:
		On entry : 
		On exit  : 
		Unchanged: 
 Data sizes:     COMRAM   BANK0   BANK1   BANK2   BANK3   BANK4   BANK5
      Params:         0       0       0       0       0       0       0
      Locals:         0       0       0       0       0       0       0
      Temps:          0       0       0       0       0       0       0
      Totals:         0       0       0       0       0       0       0
Total ram usage:        0 bytes
 Hardware stack levels used:    1
 Hardware stack levels required when called:    6
 This function calls:
		Nothing
 This function is called by:
		_main
 This function uses a non-reentrant model


 *************** function _botao *****************
 Defined at:
		line 255 in file "cafe_correto.c"
 Parameters:    Size  Location     Type
		None
 Auto vars:     Size  Location     Type
		None
 Return value:  Size  Location     Type
                  1    wreg      void 
 Registers used:
		wreg, status,2, status,0, tblptrl, tblptrh, tblptru, cstack
 Tracked objects:
		On entry : 
		On exit  : 
		Unchanged: 
 Data sizes:     COMRAM   BANK0   BANK1   BANK2   BANK3   BANK4   BANK5
      Params:         0       0       0       0       0       0       0
      Locals:         0       0       0       0       0       0       0
      Temps:          1       0       0       0       0       0       0
      Totals:         1       0       0       0       0       0       0
Total ram usage:        1 bytes
 Hardware stack levels used:    1
 Hardware stack levels required when called:   10
 This function calls:
		_cafe
		_cafe_expresso
		_capuccino
		_nivel_agua
 This function is called by:
		_main
 This function uses a non-reentrant model


 *************** function _capuccino *****************
 Defined at:
		line 206 in file "cafe_correto.c"
 Parameters:    Size  Location     Type
		None
 Auto vars:     Size  Location     Type
  i               2   29[COMRAM] int 
  i               2   27[COMRAM] int 
  i               2   25[COMRAM] int 
 Return value:  Size  Location     Type
                  1    wreg      void 
 Registers used:
		wreg, status,2, status,0, tblptrl, tblptrh, tblptru, cstack
 Tracked objects:
		On entry : 
		On exit  : 
		Unchanged: 
 Data sizes:     COMRAM   BANK0   BANK1   BANK2   BANK3   BANK4   BANK5
      Params:         0       0       0       0       0       0       0
      Locals:         6       0       0       0       0       0       0
      Temps:          2       0       0       0       0       0       0
      Totals:         8       0       0       0       0       0       0
Total ram usage:        8 bytes
 Hardware stack levels used:    1
 Hardware stack levels required when called:    9
 This function calls:
		_envia
		_lcd_clear
		_lcd_goto
		_lcd_puts
		_nivel_agua
 This function is called by:
		_botao
 This function uses a non-reentrant model


 *************** function _cafe_expresso *****************
 Defined at:
		line 159 in file "cafe_correto.c"
 Parameters:    Size  Location     Type
		None
 Auto vars:     Size  Location     Type
  i               2   29[COMRAM] int 
  i               2   27[COMRAM] int 
  i               2   25[COMRAM] int 
 Return value:  Size  Location     Type
                  1    wreg      void 
 Registers used:
		wreg, status,2, status,0, tblptrl, tblptrh, tblptru, cstack
 Tracked objects:
		On entry : 
		On exit  : 
		Unchanged: 
 Data sizes:     COMRAM   BANK0   BANK1   BANK2   BANK3   BANK4   BANK5
      Params:         0       0       0       0       0       0       0
      Locals:         6       0       0       0       0       0       0
      Temps:          2       0       0       0       0       0       0
      Totals:         8       0       0       0       0       0       0
Total ram usage:        8 bytes
 Hardware stack levels used:    1
 Hardware stack levels required when called:    9
 This function calls:
		_envia
		_lcd_clear
		_lcd_goto
		_lcd_puts
		_nivel_agua
 This function is called by:
		_botao
 This function uses a non-reentrant model


 *************** function _cafe *****************
 Defined at:
		line 112 in file "cafe_correto.c"
 Parameters:    Size  Location     Type
		None
 Auto vars:     Size  Location     Type
  i               2   29[COMRAM] int 
  i               2   27[COMRAM] int 
  i               2   25[COMRAM] int 
 Return value:  Size  Location     Type
                  1    wreg      void 
 Registers used:
		wreg, status,2, status,0, tblptrl, tblptrh, tblptru, cstack
 Tracked objects:
		On entry : 
		On exit  : 
		Unchanged: 
 Data sizes:     COMRAM   BANK0   BANK1   BANK2   BANK3   BANK4   BANK5
      Params:         0       0       0       0       0       0       0
      Locals:         6       0       0       0       0       0       0
      Temps:          2       0       0       0       0       0       0
      Totals:         8       0       0       0       0       0       0
Total ram usage:        8 bytes
 Hardware stack levels used:    1
 Hardware stack levels required when called:    9
 This function calls:
		_envia
		_lcd_clear
		_lcd_goto
		_lcd_puts
		_nivel_agua
 This function is called by:
		_botao
 This function uses a non-reentrant model


 *************** function _nivel_agua *****************
 Defined at:
		line 71 in file "cafe_correto.c"
 Parameters:    Size  Location     Type
		None
 Auto vars:     Size  Location     Type
		None
 Return value:  Size  Location     Type
                  1    wreg      void 
 Registers used:
		wreg, status,2, status,0, tblptrl, tblptrh, tblptru, cstack
 Tracked objects:
		On entry : 
		On exit  : 
		Unchanged: 
 Data sizes:     COMRAM   BANK0   BANK1   BANK2   BANK3   BANK4   BANK5
      Params:         0       0       0       0       0       0       0
      Locals:         0       0       0       0       0       0       0
      Temps:          1       0       0       0       0       0       0
      Totals:         1       0       0       0       0       0       0
Total ram usage:        1 bytes
 Hardware stack levels used:    1
 Hardware stack levels required when called:    8
 This function calls:
		_envia
		_lcd_clear
		_lcd_goto
		_lcd_puts
 This function is called by:
		_main
		_cafe
		_cafe_expresso
		_capuccino
		_botao
 This function uses a non-reentrant model


 *************** function _lcd_puts *****************
 Defined at:
		line 62 in file "lcd.c"
 Parameters:    Size  Location     Type
  s               2   20[COMRAM] PTR const unsigned char 
		 -> STR_20(8), STR_19(18), STR_18(12), STR_17(11), 
		 -> STR_16(12), STR_15(10), STR_14(13), STR_13(15), 
		 -> STR_12(11), STR_11(12), STR_10(10), STR_9(13), 
		 -> STR_8(11), STR_7(11), STR_6(12), STR_5(10), 
		 -> STR_4(13), STR_3(12), STR_2(14), STR_1(8), 
 Auto vars:     Size  Location     Type
		None
 Return value:  Size  Location     Type
                  1    wreg      void 
 Registers used:
		wreg, status,2, status,0, tblptrl, tblptrh, tblptru, cstack
 Tracked objects:
		On entry : 
		On exit  : 
		Unchanged: 
 Data sizes:     COMRAM   BANK0   BANK1   BANK2   BANK3   BANK4   BANK5
      Params:         2       0       0       0       0       0       0
      Locals:         0       0       0       0       0       0       0
      Temps:          0       0       0       0       0       0       0
      Totals:         2       0       0       0       0       0       0
Total ram usage:        2 bytes
 Hardware stack levels used:    1
 Hardware stack levels required when called:    7
 This function calls:
		_lcd_write
 This function is called by:
		_main
		_nivel_agua
		_cafe
		_cafe_expresso
		_capuccino
 This function uses a non-reentrant model


 *************** function _lcd_goto *****************
 Defined at:
		line 84 in file "lcd.c"
 Parameters:    Size  Location     Type
  pos             1    wreg     unsigned char 
 Auto vars:     Size  Location     Type
  pos             1   20[COMRAM] unsigned char 
 Return value:  Size  Location     Type
                  1    wreg      void 
 Registers used:
		wreg, status,2, status,0, cstack
 Tracked objects:
		On entry : 
		On exit  : 
		Unchanged: 
 Data sizes:     COMRAM   BANK0   BANK1   BANK2   BANK3   BANK4   BANK5
      Params:         0       0       0       0       0       0       0
      Locals:         1       0       0       0       0       0       0
      Temps:          0       0       0       0       0       0       0
      Totals:         1       0       0       0       0       0       0
Total ram usage:        1 bytes
 Hardware stack levels used:    1
 Hardware stack levels required when called:    7
 This function calls:
		_lcd_write
 This function is called by:
		_main
		_nivel_agua
		_cafe
		_cafe_expresso
		_capuccino
 This function uses a non-reentrant model


 *************** function _lcd_clear *****************
 Defined at:
		line 52 in file "lcd.c"
 Parameters:    Size  Location     Type
		None
 Auto vars:     Size  Location     Type
		None
 Return value:  Size  Location     Type
                  1    wreg      void 
 Registers used:
		wreg, status,2, cstack
 Tracked objects:
		On entry : 
		On exit  : 
		Unchanged: 
 Data sizes:     COMRAM   BANK0   BANK1   BANK2   BANK3   BANK4   BANK5
      Params:         0       0       0       0       0       0       0
      Locals:         0       0       0       0       0       0       0
      Temps:          1       0       0       0       0       0       0
      Totals:         1       0       0       0       0       0       0
Total ram usage:        1 bytes
 Hardware stack levels used:    1
 Hardware stack levels required when called:    7
 This function calls:
		_lcd_write
 This function is called by:
		_lcd_init
		_main
		_nivel_agua
		_cafe
		_cafe_expresso
		_capuccino
 This function uses a non-reentrant model


 *************** function _lcd_write *****************
 Defined at:
		line 38 in file "lcd.c"
 Parameters:    Size  Location     Type
  c               1    wreg     unsigned char 
 Auto vars:     Size  Location     Type
  c               1   19[COMRAM] unsigned char 
 Return value:  Size  Location     Type
                  1    wreg      void 
 Registers used:
		wreg, status,2, cstack
 Tracked objects:
		On entry : 
		On exit  : 
		Unchanged: 
 Data sizes:     COMRAM   BANK0   BANK1   BANK2   BANK3   BANK4   BANK5
      Params:         0       0       0       0       0       0       0
      Locals:         1       0       0       0       0       0       0
      Temps:          0       0       0       0       0       0       0
      Totals:         1       0       0       0       0       0       0
Total ram usage:        1 bytes
 Hardware stack levels used:    1
 Hardware stack levels required when called:    6
 This function calls:
		Nothing
 This function is called by:
		_lcd_clear
		_lcd_puts
		_lcd_goto
		_lcd_init
		_lcd_putch
 This function uses a non-reentrant model


 *************** function _envia *****************
 Defined at:
		line 47 in file "cafe_correto.c"
 Parameters:    Size  Location     Type
  n               2   19[COMRAM] int 
 Auto vars:     Size  Location     Type
		None
 Return value:  Size  Location     Type
                  1    wreg      void 
 Registers used:
		wreg, status,2, status,0
 Tracked objects:
		On entry : 
		On exit  : 
		Unchanged: 
 Data sizes:     COMRAM   BANK0   BANK1   BANK2   BANK3   BANK4   BANK5
      Params:         2       0       0       0       0       0       0
      Locals:         0       0       0       0       0       0       0
      Temps:          0       0       0       0       0       0       0
      Totals:         2       0       0       0       0       0       0
Total ram usage:        2 bytes
 Hardware stack levels used:    1
 Hardware stack levels required when called:    6
 This function calls:
		Nothing
 This function is called by:
		_nivel_agua
		_cafe
		_cafe_expresso
		_capuccino
 This function uses a non-reentrant model


 *************** function _tmr *****************
 Defined at:
		line 61 in file "cafe_correto.c"
 Parameters:    Size  Location     Type
		None
 Auto vars:     Size  Location     Type
		None
 Return value:  Size  Location     Type
                  1    wreg      void 
 Registers used:
		wreg, status,2, status,0, tblptrl, tblptrh, tblptru, cstack
 Tracked objects:
		On entry : 
		On exit  : 
		Unchanged: 
 Data sizes:     COMRAM   BANK0   BANK1   BANK2   BANK3   BANK4   BANK5
      Params:         0       0       0       0       0       0       0
      Locals:         0       0       0       0       0       0       0
      Temps:          4       0       0       0       0       0       0
      Totals:         4       0       0       0       0       0       0
Total ram usage:        4 bytes
 Hardware stack levels used:    1
 Hardware stack levels required when called:    5
 This function calls:
		_trata
 This function is called by:
		Interrupt level 2
 This function uses a non-reentrant model


 *************** function _trata *****************
 Defined at:
		line 97 in file "cafe_correto.c"
 Parameters:    Size  Location     Type
  RECEP           1    wreg     unsigned char 
 Auto vars:     Size  Location     Type
  RECEP           1   14[COMRAM] unsigned char 
 Return value:  Size  Location     Type
                  1    wreg      void 
 Registers used:
		wreg, status,2, status,0, tblptrl, tblptrh, tblptru, cstack
 Tracked objects:
		On entry : 
		On exit  : 
		Unchanged: 
 Data sizes:     COMRAM   BANK0   BANK1   BANK2   BANK3   BANK4   BANK5
      Params:         0       0       0       0       0       0       0
      Locals:         1       0       0       0       0       0       0
      Temps:          2       0       0       0       0       0       0
      Totals:         3       0       0       0       0       0       0
Total ram usage:        3 bytes
 Hardware stack levels used:    1
 Hardware stack levels required when called:    4
 This function calls:
		i2_cafe
		i2_cafe_expresso
		i2_capuccino
 This function is called by:
		_tmr
 This function uses a non-reentrant model


 *************** function i2_capuccino *****************
 Defined at:
		line 206 in file "cafe_correto.c"
 Parameters:    Size  Location     Type
		None
 Auto vars:     Size  Location     Type
  capuccino       2   10[COMRAM] int 
  capuccino       2    8[COMRAM] int 
  capuccino       2    6[COMRAM] int 
 Return value:  Size  Location     Type
                  1    wreg      void 
 Registers used:
		wreg, status,2, status,0, tblptrl, tblptrh, tblptru, cstack
 Tracked objects:
		On entry : 
		On exit  : 
		Unchanged: 
 Data sizes:     COMRAM   BANK0   BANK1   BANK2   BANK3   BANK4   BANK5
      Params:         0       0       0       0       0       0       0
      Locals:         6       0       0       0       0       0       0
      Temps:          2       0       0       0       0       0       0
      Totals:         8       0       0       0       0       0       0
Total ram usage:        8 bytes
 Hardware stack levels used:    1
 Hardware stack levels required when called:    3
 This function calls:
		i2_envia
		i2_lcd_clear
		i2_lcd_goto
		i2_lcd_puts
		i2_nivel_agua
 This function is called by:
		_trata
 This function uses a non-reentrant model


 *************** function i2_cafe_expresso *****************
 Defined at:
		line 159 in file "cafe_correto.c"
 Parameters:    Size  Location     Type
		None
 Auto vars:     Size  Location     Type
  cafe_express    2   10[COMRAM] int 
  cafe_express    2    8[COMRAM] int 
  cafe_express    2    6[COMRAM] int 
 Return value:  Size  Location     Type
                  1    wreg      void 
 Registers used:
		wreg, status,2, status,0, tblptrl, tblptrh, tblptru, cstack
 Tracked objects:
		On entry : 
		On exit  : 
		Unchanged: 
 Data sizes:     COMRAM   BANK0   BANK1   BANK2   BANK3   BANK4   BANK5
      Params:         0       0       0       0       0       0       0
      Locals:         6       0       0       0       0       0       0
      Temps:          2       0       0       0       0       0       0
      Totals:         8       0       0       0       0       0       0
Total ram usage:        8 bytes
 Hardware stack levels used:    1
 Hardware stack levels required when called:    3
 This function calls:
		i2_envia
		i2_lcd_clear
		i2_lcd_goto
		i2_lcd_puts
		i2_nivel_agua
 This function is called by:
		_trata
 This function uses a non-reentrant model


 *************** function i2_cafe *****************
 Defined at:
		line 112 in file "cafe_correto.c"
 Parameters:    Size  Location     Type
		None
 Auto vars:     Size  Location     Type
  cafe            2   10[COMRAM] int 
  cafe            2    8[COMRAM] int 
  cafe            2    6[COMRAM] int 
 Return value:  Size  Location     Type
                  1    wreg      void 
 Registers used:
		wreg, status,2, status,0, tblptrl, tblptrh, tblptru, cstack
 Tracked objects:
		On entry : 
		On exit  : 
		Unchanged: 
 Data sizes:     COMRAM   BANK0   BANK1   BANK2   BANK3   BANK4   BANK5
      Params:         0       0       0       0       0       0       0
      Locals:         6       0       0       0       0       0       0
      Temps:          2       0       0       0       0       0       0
      Totals:         8       0       0       0       0       0       0
Total ram usage:        8 bytes
 Hardware stack levels used:    1
 Hardware stack levels required when called:    3
 This function calls:
		i2_envia
		i2_lcd_clear
		i2_lcd_goto
		i2_lcd_puts
		i2_nivel_agua
 This function is called by:
		_trata
 This function uses a non-reentrant model


 *************** function i2_nivel_agua *****************
 Defined at:
		line 71 in file "cafe_correto.c"
 Parameters:    Size  Location     Type
		None
 Auto vars:     Size  Location     Type
		None
 Return value:  Size  Location     Type
                  1    wreg      void 
 Registers used:
		wreg, status,2, status,0, tblptrl, tblptrh, tblptru, cstack
 Tracked objects:
		On entry : 
		On exit  : 
		Unchanged: 
 Data sizes:     COMRAM   BANK0   BANK1   BANK2   BANK3   BANK4   BANK5
      Params:         0       0       0       0       0       0       0
      Locals:         0       0       0       0       0       0       0
      Temps:          1       0       0       0       0       0       0
      Totals:         1       0       0       0       0       0       0
Total ram usage:        1 bytes
 Hardware stack levels used:    1
 Hardware stack levels required when called:    2
 This function calls:
		i2_envia
		i2_lcd_clear
		i2_lcd_goto
		i2_lcd_puts
 This function is called by:
		i2_cafe
		i2_cafe_expresso
		i2_capuccino
 This function uses a non-reentrant model


 *************** function i2_lcd_puts *****************
 Defined at:
		line 62 in file "lcd.c"
 Parameters:    Size  Location     Type
  s               2    1[COMRAM] PTR const unsigned char 
		 -> STR_20(8), STR_19(18), STR_18(12), STR_17(11), 
		 -> STR_16(12), STR_15(10), STR_14(13), STR_13(15), 
		 -> STR_12(11), STR_11(12), STR_10(10), STR_9(13), 
		 -> STR_8(11), STR_7(11), STR_6(12), STR_5(10), 
		 -> STR_4(13), STR_3(12), STR_2(14), STR_1(8), 
 Auto vars:     Size  Location     Type
		None
 Return value:  Size  Location     Type
                  1    wreg      void 
 Registers used:
		wreg, status,2, status,0, tblptrl, tblptrh, tblptru, cstack
 Tracked objects:
		On entry : 
		On exit  : 
		Unchanged: 
 Data sizes:     COMRAM   BANK0   BANK1   BANK2   BANK3   BANK4   BANK5
      Params:         2       0       0       0       0       0       0
      Locals:         0       0       0       0       0       0       0
      Temps:          0       0       0       0       0       0       0
      Totals:         2       0       0       0       0       0       0
Total ram usage:        2 bytes
 Hardware stack levels used:    1
 Hardware stack levels required when called:    1
 This function calls:
		i2_lcd_write
 This function is called by:
		i2_nivel_agua
		i2_cafe
		i2_cafe_expresso
		i2_capuccino
 This function uses a non-reentrant model


 *************** function i2_lcd_goto *****************
 Defined at:
		line 84 in file "lcd.c"
 Parameters:    Size  Location     Type
  pos             1    wreg     unsigned char 
 Auto vars:     Size  Location     Type
  pos             1    1[COMRAM] unsigned char 
 Return value:  Size  Location     Type
                  1    wreg      void 
 Registers used:
		wreg, status,2, status,0, cstack
 Tracked objects:
		On entry : 
		On exit  : 
		Unchanged: 
 Data sizes:     COMRAM   BANK0   BANK1   BANK2   BANK3   BANK4   BANK5
      Params:         0       0       0       0       0       0       0
      Locals:         1       0       0       0       0       0       0
      Temps:          0       0       0       0       0       0       0
      Totals:         1       0       0       0       0       0       0
Total ram usage:        1 bytes
 Hardware stack levels used:    1
 Hardware stack levels required when called:    1
 This function calls:
		i2_lcd_write
 This function is called by:
		i2_nivel_agua
		i2_cafe
		i2_cafe_expresso
		i2_capuccino
 This function uses a non-reentrant model


 *************** function i2_lcd_clear *****************
 Defined at:
		line 52 in file "lcd.c"
 Parameters:    Size  Location     Type
		None
 Auto vars:     Size  Location     Type
		None
 Return value:  Size  Location     Type
                  1    wreg      void 
 Registers used:
		wreg, status,2, cstack
 Tracked objects:
		On entry : 
		On exit  : 
		Unchanged: 
 Data sizes:     COMRAM   BANK0   BANK1   BANK2   BANK3   BANK4   BANK5
      Params:         0       0       0       0       0       0       0
      Locals:         0       0       0       0       0       0       0
      Temps:          1       0       0       0       0       0       0
      Totals:         1       0       0       0       0       0       0
Total ram usage:        1 bytes
 Hardware stack levels used:    1
 Hardware stack levels required when called:    1
 This function calls:
		i2_lcd_write
 This function is called by:
		i2_nivel_agua
		i2_cafe
		i2_cafe_expresso
		i2_capuccino
 This function uses a non-reentrant model


 *************** function i2_lcd_write *****************
 Defined at:
		line 38 in file "lcd.c"
 Parameters:    Size  Location     Type
  c               1    wreg     unsigned char 
 Auto vars:     Size  Location     Type
  c               1    0[COMRAM] unsigned char 
 Return value:  Size  Location     Type
                  1    wreg      void 
 Registers used:
		wreg, status,2, cstack
 Tracked objects:
		On entry : 
		On exit  : 
		Unchanged: 
 Data sizes:     COMRAM   BANK0   BANK1   BANK2   BANK3   BANK4   BANK5
      Params:         0       0       0       0       0       0       0
      Locals:         1       0       0       0       0       0       0
      Temps:          0       0       0       0       0       0       0
      Totals:         1       0       0       0       0       0       0
Total ram usage:        1 bytes
 Hardware stack levels used:    1
 This function calls:
		Nothing
 This function is called by:
		i2_lcd_clear
		i2_lcd_puts
		i2_lcd_goto
 This function uses a non-reentrant model


 *************** function i2_envia *****************
 Defined at:
		line 47 in file "cafe_correto.c"
 Parameters:    Size  Location     Type
  n               2    0[COMRAM] int 
 Auto vars:     Size  Location     Type
		None
 Return value:  Size  Location     Type
                  1    wreg      void 
 Registers used:
		wreg, status,2, status,0
 Tracked objects:
		On entry : 
		On exit  : 
		Unchanged: 
 Data sizes:     COMRAM   BANK0   BANK1   BANK2   BANK3   BANK4   BANK5
      Params:         2       0       0       0       0       0       0
      Locals:         0       0       0       0       0       0       0
      Temps:          0       0       0       0       0       0       0
      Totals:         2       0       0       0       0       0       0
Total ram usage:        2 bytes
 Hardware stack levels used:    1
 This function calls:
		Nothing
 This function is called by:
		i2_nivel_agua
		i2_cafe
		i2_cafe_expresso
		i2_capuccino
 This function uses a non-reentrant model



MODULE INFORMATION

Module		Function		Class		Link	Load	Size
./configura.h
		_config        		CODE           	14F0	0000	67

./configura.h estimated size: 67

shared
		__initialization		CODE           	1614	0000	9
		i2_cafe_expresso		CODE           	0D74	0000	431
		i2_cafe        		CODE           	0F22	0000	431
		i2_lcd_goto    		CODE           	1660	0000	15
		i2_lcd_write   		CODE           	163E	0000	21
		i2_envia       		CODE           	135E	0000	129
		i2_lcd_puts    		CODE           	15AC	0000	57
		i2_nivel_agua  		CODE           	1242	0000	157
		i2_lcd_clear   		CODE           	15FC	0000	25
		i2_capuccino   		CODE           	0858	0000	449

shared estimated size: 1724

cafe_correto.c
		_cafe_expresso 		CODE           	0A18	0000	431
		_nivel_agua    		CODE           	11A6	0000	157
		_cafe          		CODE           	0BC6	0000	431
		_main          		CODE           	1440	0000	95
		_envia         		CODE           	12DE	0000	129
		_capuccino     		CODE           	0698	0000	449
		_tmr           		CODE           	0008	0000	73
		_trata         		CODE           	149E	0000	83
		_botao         		CODE           	10D0	0000	215

cafe_correto.c estimated size: 2063

lcd.c
		_lcd_puts      		CODE           	1574	0000	57
		_lcd_clear     		CODE           	15E4	0000	25
		_lcd_goto      		CODE           	1652	0000	15
		_lcd_write     		CODE           	162A	0000	21
		_lcd_init      		CODE           	13DE	0000	99

lcd.c estimated size: 217

